⚠️  TenSEAL not available - using simulation mode
⚠️  open-iris not available
⚠️  System import failed: No module named 'iris'
Loaded manifest: 2000 identities total, 1998 usable (excluding ['524_L', '668_L']), 16457 expected probes
FilterFHEConfig() weights: {'weight_hist_scale0': 0.5, 'weight_hist_scale1': 0.2, 'weight_row': 0.2, 'weight_spatial': 0.1}

=== Convention: raw ===
  1998 galleries, 16457 probes, feature dim=576
    ranked 1000/16457 probes...
    ranked 2000/16457 probes...
    ranked 3000/16457 probes...
    ranked 4000/16457 probes...
    ranked 5000/16457 probes...
    ranked 6000/16457 probes...
    ranked 7000/16457 probes...
    ranked 8000/16457 probes...
    ranked 9000/16457 probes...
    ranked 10000/16457 probes...
    ranked 11000/16457 probes...
    ranked 12000/16457 probes...
    ranked 13000/16457 probes...
    ranked 14000/16457 probes...
    ranked 15000/16457 probes...
    ranked 16000/16457 probes...

=== Convention: inverted ===
  1998 galleries, 16457 probes, feature dim=576
    ranked 1000/16457 probes...
    ranked 2000/16457 probes...
    ranked 3000/16457 probes...
    ranked 4000/16457 probes...
    ranked 5000/16457 probes...
    ranked 6000/16457 probes...
    ranked 7000/16457 probes...
    ranked 8000/16457 probes...
    ranked 9000/16457 probes...
    ranked 10000/16457 probes...
    ranked 11000/16457 probes...
    ranked 12000/16457 probes...
    ranked 13000/16457 probes...
    ranked 14000/16457 probes...
    ranked 15000/16457 probes...
    ranked 16000/16457 probes...

====================================================================================================
Metric                   RAW (1=valid, faithful) INVERTED (fixed convention)
----------------------------------------------------------------------------------------------------
Recall@10                                 32.25%                      47.43%
Recall@20                                 38.03%                      55.11%
Recall@50                                 47.49%                      66.62%
Recall@100                                56.38%                      75.21%
Recall@150                                62.59%                      80.14%
Recall@300                                74.72%                      87.86%
Median rank                                62.00                       13.00
Mean rank                                 231.85                      122.89
Feature dimension                            576                         576
% rows dropped                             20.57                        0.01
====================================================================================================

Paper comparison (RL Recall@50 on real CASIA):
  Paper:    38.3%
  RAW (1=valid, faithful)     : 47.49% (delta +9.19 pts)
  INVERTED (fixed convention) : 66.62% (delta +28.32 pts)

Saved /home/liubobz/iris-recognition/level1-features/results/christina_realcasia_full2000.json
